type=CONFIG_CHANGE msg=audit(1693243730.068:2823): auid=1000 ses=5 subj=unconfined_u:unconfined_r:unconfined_t:s0-s0:c0.c1023 op=add_rule key="readmes" list=4 res=1AUID="arioux"
type=CONFIG_CHANGE msg=audit(1693243825.548:2864): auid=1000 ses=5 subj=unconfined_u:unconfined_r:unconfined_t:s0-s0:c0.c1023 op=remove_rule key="readmes" list=4 res=1AUID="arioux"
type=CONFIG_CHANGE msg=audit(1693243829.106:2871): auid=1000 ses=5 subj=unconfined_u:unconfined_r:unconfined_t:s0-s0:c0.c1023 op=add_rule key="readmes" list=4 res=1AUID="arioux"
type=SYSCALL msg=audit(1693243829.106:2871): arch=c000003e syscall=44 success=yes exit=1088 a0=4 a1=7ffc582409f0 a2=440 a3=0 items=0 ppid=4016365 pid=4016379 auid=1000 uid=0 gid=0 euid=0 suid=0 fsuid=0 egid=0 sgid=0 fsgid=0 tty=pts2 ses=5 comm="auditctl" exe="/usr/sbin/auditctl" subj=unconfined_u:unconfined_r:unconfined_t:s0-s0:c0.c1023 key=(null)ARCH=x86_64 SYSCALL=sendto AUID="arioux" UID="root" GID="root" EUID="root" SUID="root" FSUID="root" EGID="root" SGID="root" FSGID="root"
type=PROCTITLE msg=audit(1693243829.106:2871): proctitle=617564697463746C002D77002F686F6D652F6172696F75782F74657374732F524541444D45002D700072002D6B00726561646D6573
type=CONFIG_CHANGE msg=audit(1693243886.844:2904): auid=1000 ses=5 subj=unconfined_u:unconfined_r:unconfined_t:s0-s0:c0.c1023 op=remove_rule key="readmes" list=4 res=1AUID="arioux"
type=CONFIG_CHANGE msg=audit(1693243895.218:2911): auid=1000 ses=5 subj=unconfined_u:unconfined_r:unconfined_t:s0-s0:c0.c1023 op=add_rule key="readmes" list=4 res=1AUID="arioux"
type=SYSCALL msg=audit(1693243895.218:2911): arch=c000003e syscall=44 success=yes exit=1088 a0=4 a1=7ffec7222d40 a2=440 a3=0 items=0 ppid=4103420 pid=4103434 auid=1000 uid=0 gid=0 euid=0 suid=0 fsuid=0 egid=0 sgid=0 fsgid=0 tty=pts2 ses=5 comm="auditctl" exe="/usr/sbin/auditctl" subj=unconfined_u:unconfined_r:unconfined_t:s0-s0:c0.c1023 key=(null)ARCH=x86_64 SYSCALL=sendto AUID="arioux" UID="root" GID="root" EUID="root" SUID="root" FSUID="root" EGID="root" SGID="root" FSGID="root"
type=PROCTITLE msg=audit(1693243895.218:2911): proctitle=617564697463746C002D77002F686F6D652F6172696F75782F74657374732F524541444D45002D700072776178002D6B00726561646D6573
type=SYSCALL msg=audit(1693243901.416:2920): arch=c000003e syscall=257 success=yes exit=3 a0=ffffff9c a1=7ffcbf4cae1f a2=0 a3=0 items=1 ppid=3659128 pid=4111215 auid=1000 uid=1000 gid=1000 euid=1000 suid=1000 fsuid=1000 egid=1000 sgid=1000 fsgid=1000 tty=pts2 ses=5 comm="cat" exe="/usr/bin/cat" subj=unconfined_u:unconfined_r:unconfined_t:s0-s0:c0.c1023 key="readmes"ARCH=x86_64 SYSCALL=openat AUID="arioux" UID="arioux" GID="arioux" EUID="arioux" SUID="arioux" FSUID="arioux" EGID="arioux" SGID="arioux" FSGID="arioux"
type=CWD msg=audit(1693243901.416:2920): cwd="/home/arioux/tests"
type=PATH msg=audit(1693243901.416:2920): item=0 name="README" inode=15227209 dev=00:1f mode=0100644 ouid=1000 ogid=1000 rdev=00:00 obj=unconfined_u:object_r:user_home_t:s0 nametype=NORMAL cap_fp=0 cap_fi=0 cap_fe=0 cap_fver=0 cap_frootid=0OUID="arioux" OGID="arioux"
type=PROCTITLE msg=audit(1693243901.416:2920): proctitle=63617400524541444D45
